================================ Input data ==================================
External wrenches (Gravity force only):
-- Bodies 1 - Position: [45.0, 20.0] - Wrench: 10.0
-- Bodies 2 - Position: [65.0, 20.0] - Wrench: 10.0
-- Bodies 3 - Position: [80.0, 25.0] - Wrench: 5.0
-- Bodies 4 - Position: [95.0, 10.0] - Wrench: 5.0
Contact informations:
--First body: 0.0 - Second body: 1.0 - Position: [40.0, 0.0] - Angle: 1.5708 - Fric_coef: 0.5
--First body: 1.0 - Second body: 2.0 - Position: [60.0, 35.0] - Angle: 0.0 - Fric_coef: 0.5
--First body: 0.0 - Second body: 2.0 - Position: [60.0, 0.0] - Angle: 1.5708 - Fric_coef: 0.5
--First body: 0.0 - Second body: 2.0 - Position: [70.0, 0.0] - Angle: 1.5708 - Fric_coef: 0.5
--First body: 2.0 - Second body: 3.0 - Position: [70.0, 20.0] - Angle: 0.0 - Fric_coef: 0.5
--First body: 2.0 - Second body: 3.0 - Position: [70.0, 30.0] - Angle: 0.0 - Fric_coef: 0.5
--First body: 4.0 - Second body: 3.0 - Position: [90.0, 20.0] - Angle: 1.5708 - Fric_coef: 0.5
--First body: 4.0 - Second body: 3.0 - Position: [100.0, 20.0] - Angle: 1.5708 - Fric_coef: 0.5
--First body: 0.0 - Second body: 4.0 - Position: [90.0, 0.0] - Angle: 1.5708 - Fric_coef: 0.5
--First body: 0.0 - Second body: 4.0 - Position: [100.0, 0.0] - Angle: 1.5708 - Fric_coef: 0.5
============================== Processed data ================================
Wrench matrix for 4 bodies and 20 contact wrenches:
Body 0: | 4.47 -13.42 20.12 6.71 0.0 0.0 0.0 0.0 0.0 0.0 0.0 0.0 0.0 0.0 0.0 0.0 0.0 0.0 0.0 0.0 |
Body 0: | 0.45 -0.45 -0.89 -0.89 0.0 0.0 0.0 0.0 0.0 0.0 0.0 0.0 0.0 0.0 0.0 0.0 0.0 0.0 0.0 0.0 |
Body 0: | 0.89 0.89 0.45 -0.45 0.0 0.0 0.0 0.0 0.0 0.0 0.0 0.0 0.0 0.0 0.0 0.0 0.0 0.0 0.0 0.0 |
Body 1: | 0.0 0.0 -11.18 -15.65 4.47 -13.42 13.42 -4.47 2.24 -2.24 11.18 6.71 0.0 0.0 0.0 0.0 0.0 0.0 0.0 0.0 |
Body 1: | 0.0 0.0 0.89 0.89 0.45 -0.45 0.45 -0.45 -0.89 -0.89 -0.89 -0.89 0.0 0.0 0.0 0.0 0.0 0.0 0.0 0.0 |
Body 1: | 0.0 0.0 -0.45 0.45 0.89 0.89 0.89 0.89 0.45 -0.45 0.45 -0.45 0.0 0.0 0.0 0.0 0.0 0.0 0.0 0.0 |
Body 2: | 0.0 0.0 0.0 0.0 0.0 0.0 0.0 0.0 8.94 0.0 0.0 -8.94 11.18 6.71 20.12 15.65 0.0 0.0 0.0 0.0 |
Body 2: | 0.0 0.0 0.0 0.0 0.0 0.0 0.0 0.0 0.89 0.89 0.89 0.89 0.45 -0.45 0.45 -0.45 0.0 0.0 0.0 0.0 |
Body 2: | 0.0 0.0 0.0 0.0 0.0 0.0 0.0 0.0 -0.45 0.45 -0.45 0.45 0.89 0.89 0.89 0.89 0.0 0.0 0.0 0.0 |
Body 3: | 0.0 0.0 0.0 0.0 0.0 0.0 0.0 0.0 0.0 0.0 0.0 0.0 8.94 -0.0 -0.0 -8.94 -0.0 -8.94 8.94 -0.0 |
Body 3: | 0.0 0.0 0.0 0.0 0.0 0.0 0.0 0.0 0.0 0.0 0.0 0.0 -0.45 0.45 -0.45 0.45 0.45 -0.45 0.45 -0.45 |
Body 3: | 0.0 0.0 0.0 0.0 0.0 0.0 0.0 0.0 0.0 0.0 0.0 0.0 -0.89 -0.89 -0.89 -0.89 0.89 0.89 0.89 0.89 |
================================= Results ===================================
With these contact, object is not in form closure!!